Starting up...
Authenticating key: HMRYA-HORIMIYA-VIP
Auth result success: True
Starting modules...
Allocating console...
ImGuiForm Constructor...
Starting ImGuiForm...
ImGuiForm OnLoad started...
ImGuiForm OnLoad finished.
ImGuiForm Constructor...
ImGuiForm OnLoad started...
ImGuiForm OnLoad finished.
ImGuiForm Constructor...
ImGuiForm OnLoad started...
ImGuiForm OnLoad finished.
ImGuiForm Constructor...
ImGuiForm OnLoad started...
ImGuiForm OnLoad finished.
ImGuiForm Constructor...
ImGuiForm OnLoad started...
ImGuiForm OnLoad finished.
ImGuiForm Constructor...
ImGuiForm OnLoad started...
ImGuiForm OnLoad finished.
ImGuiForm Constructor...
ImGuiForm OnLoad started...
ImGuiForm OnLoad finished.
ImGuiForm Constructor...
ImGuiForm OnLoad started...
ImGuiForm OnLoad finished.
ImGuiForm Constructor...
ImGuiForm OnLoad started...
ImGuiForm OnLoad finished.
ImGuiForm Constructor...
ImGuiForm OnLoad started...
ImGuiForm OnLoad finished.
ImGuiForm Constructor...
ImGuiForm OnLoad started...
ImGuiForm OnLoad finished.
